[2021-12-21T16:24:44.698-0500][gc] Using G1
[2021-12-21T16:24:44.699-0500][gc,init] Version: 17.0.1+12 (release)
[2021-12-21T16:24:44.699-0500][gc,init] CPUs: 8 total, 8 available
[2021-12-21T16:24:44.699-0500][gc,init] Memory: 16384M
[2021-12-21T16:24:44.699-0500][gc,init] Large Page Support: Disabled
[2021-12-21T16:24:44.699-0500][gc,init] NUMA Support: Disabled
[2021-12-21T16:24:44.699-0500][gc,init] Compressed Oops: Enabled (Zero based)
[2021-12-21T16:24:44.699-0500][gc,init] Heap Region Size: 1M
[2021-12-21T16:24:44.699-0500][gc,init] Heap Min Capacity: 1G
[2021-12-21T16:24:44.699-0500][gc,init] Heap Initial Capacity: 1G
[2021-12-21T16:24:44.699-0500][gc,init] Heap Max Capacity: 1G
[2021-12-21T16:24:44.699-0500][gc,init] Pre-touch: Disabled
[2021-12-21T16:24:44.699-0500][gc,init] Parallel Workers: 8
[2021-12-21T16:24:44.699-0500][gc,init] Concurrent Workers: 2
[2021-12-21T16:24:44.699-0500][gc,init] Concurrent Refinement Workers: 8
[2021-12-21T16:24:44.699-0500][gc,init] Periodic GC: Disabled
[2021-12-21T16:24:44.699-0500][gc,metaspace] CDS archive(s) not mapped
[2021-12-21T16:24:44.699-0500][gc,metaspace] Compressed class space mapped at: 0x0000000800000000-0x0000000840000000, reserved size: 1073741824
[2021-12-21T16:24:44.699-0500][gc,metaspace] Narrow klass base: 0x0000000800000000, Narrow klass shift: 0, Narrow klass range: 0x40000000
[2021-12-21T16:24:45.136-0500][gc,start    ] GC(0) Pause Young (Concurrent Start) (Metadata GC Threshold)
[2021-12-21T16:24:45.136-0500][gc,task     ] GC(0) Using 8 workers of 8 for evacuation
[2021-12-21T16:24:45.139-0500][gc,phases   ] GC(0)   Pre Evacuate Collection Set: 0.1ms
[2021-12-21T16:24:45.139-0500][gc,phases   ] GC(0)   Merge Heap Roots: 0.0ms
[2021-12-21T16:24:45.139-0500][gc,phases   ] GC(0)   Evacuate Collection Set: 2.4ms
[2021-12-21T16:24:45.139-0500][gc,phases   ] GC(0)   Post Evacuate Collection Set: 0.3ms
[2021-12-21T16:24:45.139-0500][gc,phases   ] GC(0)   Other: 0.3ms
[2021-12-21T16:24:45.139-0500][gc,heap     ] GC(0) Eden regions: 34->0(44)
[2021-12-21T16:24:45.139-0500][gc,heap     ] GC(0) Survivor regions: 0->7(7)
[2021-12-21T16:24:45.139-0500][gc,heap     ] GC(0) Old regions: 0->0
[2021-12-21T16:24:45.139-0500][gc,heap     ] GC(0) Archive regions: 0->0
[2021-12-21T16:24:45.139-0500][gc,heap     ] GC(0) Humongous regions: 0->0
[2021-12-21T16:24:45.139-0500][gc,metaspace] GC(0) Metaspace: 21331K(21504K)->21331K(21504K) NonClass: 19003K(19072K)->19003K(19072K) Class: 2328K(2432K)->2328K(2432K)
[2021-12-21T16:24:45.139-0500][gc          ] GC(0) Pause Young (Concurrent Start) (Metadata GC Threshold) 33M->6M(1024M) 3.225ms
[2021-12-21T16:24:45.139-0500][gc,cpu      ] GC(0) User=0.01s Sys=0.00s Real=0.00s
[2021-12-21T16:24:45.139-0500][gc          ] GC(1) Concurrent Mark Cycle
[2021-12-21T16:24:45.139-0500][gc,marking  ] GC(1) Concurrent Clear Claimed Marks
[2021-12-21T16:24:45.139-0500][gc,marking  ] GC(1) Concurrent Clear Claimed Marks 0.011ms
[2021-12-21T16:24:45.139-0500][gc,marking  ] GC(1) Concurrent Scan Root Regions
[2021-12-21T16:24:45.141-0500][gc,marking  ] GC(1) Concurrent Scan Root Regions 1.539ms
[2021-12-21T16:24:45.141-0500][gc,marking  ] GC(1) Concurrent Mark
[2021-12-21T16:24:45.141-0500][gc,marking  ] GC(1) Concurrent Mark From Roots
[2021-12-21T16:24:45.141-0500][gc,task     ] GC(1) Using 2 workers of 2 for marking
[2021-12-21T16:24:45.141-0500][gc,marking  ] GC(1) Concurrent Mark From Roots 0.097ms
[2021-12-21T16:24:45.141-0500][gc,marking  ] GC(1) Concurrent Preclean
[2021-12-21T16:24:45.141-0500][gc,marking  ] GC(1) Concurrent Preclean 0.015ms
[2021-12-21T16:24:45.141-0500][gc,start    ] GC(1) Pause Remark
[2021-12-21T16:24:45.142-0500][gc          ] GC(1) Pause Remark 7M->7M(1024M) 0.871ms
[2021-12-21T16:24:45.142-0500][gc,cpu      ] GC(1) User=0.00s Sys=0.00s Real=0.00s
[2021-12-21T16:24:45.142-0500][gc,marking  ] GC(1) Concurrent Mark 1.163ms
[2021-12-21T16:24:45.142-0500][gc,marking  ] GC(1) Concurrent Rebuild Remembered Sets
[2021-12-21T16:24:45.142-0500][gc,marking  ] GC(1) Concurrent Rebuild Remembered Sets 0.005ms
[2021-12-21T16:24:45.142-0500][gc,start    ] GC(1) Pause Cleanup
[2021-12-21T16:24:45.142-0500][gc          ] GC(1) Pause Cleanup 7M->7M(1024M) 0.017ms
[2021-12-21T16:24:45.142-0500][gc,cpu      ] GC(1) User=0.00s Sys=0.00s Real=0.00s
[2021-12-21T16:24:45.142-0500][gc,marking  ] GC(1) Concurrent Cleanup for Next Mark
[2021-12-21T16:24:45.144-0500][gc,marking  ] GC(1) Concurrent Cleanup for Next Mark 1.752ms
[2021-12-21T16:24:45.144-0500][gc          ] GC(1) Concurrent Mark Cycle 4.663ms
[2021-12-21T16:24:45.992-0500][gc,start    ] GC(2) Pause Young (Normal) (G1 Evacuation Pause)
[2021-12-21T16:24:45.992-0500][gc,task     ] GC(2) Using 8 workers of 8 for evacuation
[2021-12-21T16:24:45.997-0500][gc,phases   ] GC(2)   Pre Evacuate Collection Set: 0.1ms
[2021-12-21T16:24:45.997-0500][gc,phases   ] GC(2)   Merge Heap Roots: 0.0ms
[2021-12-21T16:24:45.997-0500][gc,phases   ] GC(2)   Evacuate Collection Set: 4.1ms
[2021-12-21T16:24:45.997-0500][gc,phases   ] GC(2)   Post Evacuate Collection Set: 0.3ms
[2021-12-21T16:24:45.997-0500][gc,phases   ] GC(2)   Other: 0.1ms
[2021-12-21T16:24:45.997-0500][gc,heap     ] GC(2) Eden regions: 44->0(48)
[2021-12-21T16:24:45.997-0500][gc,heap     ] GC(2) Survivor regions: 7->3(7)
[2021-12-21T16:24:45.997-0500][gc,heap     ] GC(2) Old regions: 0->7
[2021-12-21T16:24:45.997-0500][gc,heap     ] GC(2) Archive regions: 0->0
[2021-12-21T16:24:45.997-0500][gc,heap     ] GC(2) Humongous regions: 129->129
[2021-12-21T16:24:45.997-0500][gc,metaspace] GC(2) Metaspace: 33814K(34048K)->33814K(34048K) NonClass: 30158K(30272K)->30158K(30272K) Class: 3655K(3776K)->3655K(3776K)
[2021-12-21T16:24:45.997-0500][gc          ] GC(2) Pause Young (Normal) (G1 Evacuation Pause) 179M->138M(1024M) 4.679ms
[2021-12-21T16:24:45.997-0500][gc,cpu      ] GC(2) User=0.02s Sys=0.01s Real=0.00s
[2021-12-21T16:24:46.086-0500][gc,start    ] GC(3) Pause Young (Concurrent Start) (Metadata GC Threshold)
[2021-12-21T16:24:46.086-0500][gc,task     ] GC(3) Using 8 workers of 8 for evacuation
[2021-12-21T16:24:46.088-0500][gc,phases   ] GC(3)   Pre Evacuate Collection Set: 0.1ms
[2021-12-21T16:24:46.088-0500][gc,phases   ] GC(3)   Merge Heap Roots: 0.0ms
[2021-12-21T16:24:46.088-0500][gc,phases   ] GC(3)   Evacuate Collection Set: 1.7ms
[2021-12-21T16:24:46.088-0500][gc,phases   ] GC(3)   Post Evacuate Collection Set: 0.2ms
[2021-12-21T16:24:46.088-0500][gc,phases   ] GC(3)   Other: 0.1ms
[2021-12-21T16:24:46.088-0500][gc,heap     ] GC(3) Eden regions: 13->0(46)
[2021-12-21T16:24:46.088-0500][gc,heap     ] GC(3) Survivor regions: 3->5(7)
[2021-12-21T16:24:46.088-0500][gc,heap     ] GC(3) Old regions: 7->7
[2021-12-21T16:24:46.088-0500][gc,heap     ] GC(3) Archive regions: 0->0
[2021-12-21T16:24:46.088-0500][gc,heap     ] GC(3) Humongous regions: 129->129
[2021-12-21T16:24:46.088-0500][gc,metaspace] GC(3) Metaspace: 35712K(35968K)->35712K(35968K) NonClass: 31807K(31936K)->31807K(31936K) Class: 3905K(4032K)->3905K(4032K)
[2021-12-21T16:24:46.088-0500][gc          ] GC(3) Pause Young (Concurrent Start) (Metadata GC Threshold) 151M->140M(1024M) 2.331ms
[2021-12-21T16:24:46.088-0500][gc,cpu      ] GC(3) User=0.01s Sys=0.00s Real=0.00s
[2021-12-21T16:24:46.088-0500][gc          ] GC(4) Concurrent Mark Cycle
[2021-12-21T16:24:46.088-0500][gc,marking  ] GC(4) Concurrent Clear Claimed Marks
[2021-12-21T16:24:46.088-0500][gc,marking  ] GC(4) Concurrent Clear Claimed Marks 0.011ms
[2021-12-21T16:24:46.088-0500][gc,marking  ] GC(4) Concurrent Scan Root Regions
[2021-12-21T16:24:46.089-0500][gc,marking  ] GC(4) Concurrent Scan Root Regions 1.296ms
[2021-12-21T16:24:46.089-0500][gc,marking  ] GC(4) Concurrent Mark
[2021-12-21T16:24:46.089-0500][gc,marking  ] GC(4) Concurrent Mark From Roots
[2021-12-21T16:24:46.089-0500][gc,task     ] GC(4) Using 2 workers of 2 for marking
[2021-12-21T16:24:46.092-0500][gc,marking  ] GC(4) Concurrent Mark From Roots 2.487ms
[2021-12-21T16:24:46.092-0500][gc,marking  ] GC(4) Concurrent Preclean
[2021-12-21T16:24:46.092-0500][gc,marking  ] GC(4) Concurrent Preclean 0.034ms
[2021-12-21T16:24:46.092-0500][gc,start    ] GC(4) Pause Remark
[2021-12-21T16:24:46.093-0500][gc          ] GC(4) Pause Remark 141M->141M(1024M) 0.812ms
[2021-12-21T16:24:46.093-0500][gc,cpu      ] GC(4) User=0.00s Sys=0.00s Real=0.00s
[2021-12-21T16:24:46.093-0500][gc,marking  ] GC(4) Concurrent Mark 3.480ms
[2021-12-21T16:24:46.093-0500][gc,marking  ] GC(4) Concurrent Rebuild Remembered Sets
[2021-12-21T16:24:46.095-0500][gc,marking  ] GC(4) Concurrent Rebuild Remembered Sets 1.587ms
[2021-12-21T16:24:46.095-0500][gc,start    ] GC(4) Pause Cleanup
[2021-12-21T16:24:46.095-0500][gc          ] GC(4) Pause Cleanup 141M->141M(1024M) 0.054ms
[2021-12-21T16:24:46.095-0500][gc,cpu      ] GC(4) User=0.00s Sys=0.00s Real=0.00s
[2021-12-21T16:24:46.095-0500][gc,marking  ] GC(4) Concurrent Cleanup for Next Mark
[2021-12-21T16:24:46.096-0500][gc,marking  ] GC(4) Concurrent Cleanup for Next Mark 1.466ms
[2021-12-21T16:24:46.096-0500][gc          ] GC(4) Concurrent Mark Cycle 8.060ms
[2021-12-21T16:27:56.884-0500][gc,start    ] GC(5) Pause Young (Prepare Mixed) (G1 Evacuation Pause)
[2021-12-21T16:27:56.884-0500][gc,task     ] GC(5) Using 8 workers of 8 for evacuation
[2021-12-21T16:27:56.888-0500][gc,phases   ] GC(5)   Pre Evacuate Collection Set: 0.1ms
[2021-12-21T16:27:56.888-0500][gc,phases   ] GC(5)   Merge Heap Roots: 0.1ms
[2021-12-21T16:27:56.888-0500][gc,phases   ] GC(5)   Evacuate Collection Set: 3.0ms
[2021-12-21T16:27:56.888-0500][gc,phases   ] GC(5)   Post Evacuate Collection Set: 0.3ms
[2021-12-21T16:27:56.888-0500][gc,phases   ] GC(5)   Other: 0.3ms
[2021-12-21T16:27:56.888-0500][gc,heap     ] GC(5) Eden regions: 46->0(45)
[2021-12-21T16:27:56.888-0500][gc,heap     ] GC(5) Survivor regions: 5->6(7)
[2021-12-21T16:27:56.888-0500][gc,heap     ] GC(5) Old regions: 7->10
[2021-12-21T16:27:56.888-0500][gc,heap     ] GC(5) Archive regions: 0->0
[2021-12-21T16:27:56.888-0500][gc,heap     ] GC(5) Humongous regions: 129->129
[2021-12-21T16:27:56.888-0500][gc,metaspace] GC(5) Metaspace: 45629K(46080K)->45629K(46080K) NonClass: 40380K(40640K)->40380K(40640K) Class: 5248K(5440K)->5248K(5440K)
[2021-12-21T16:27:56.888-0500][gc          ] GC(5) Pause Young (Prepare Mixed) (G1 Evacuation Pause) 186M->143M(1024M) 3.837ms
[2021-12-21T16:27:56.888-0500][gc,cpu      ] GC(5) User=0.02s Sys=0.00s Real=0.00s
[2021-12-21T16:30:59.868-0500][gc,start    ] GC(6) Pause Young (Mixed) (G1 Evacuation Pause)
[2021-12-21T16:30:59.869-0500][gc,task     ] GC(6) Using 8 workers of 8 for evacuation
[2021-12-21T16:30:59.882-0500][gc,phases   ] GC(6)   Pre Evacuate Collection Set: 0.2ms
[2021-12-21T16:30:59.882-0500][gc,phases   ] GC(6)   Merge Heap Roots: 0.1ms
[2021-12-21T16:30:59.882-0500][gc,phases   ] GC(6)   Evacuate Collection Set: 13.0ms
[2021-12-21T16:30:59.882-0500][gc,phases   ] GC(6)   Post Evacuate Collection Set: 0.4ms
[2021-12-21T16:30:59.882-0500][gc,phases   ] GC(6)   Other: 0.9ms
[2021-12-21T16:30:59.882-0500][gc,heap     ] GC(6) Eden regions: 45->0(44)
[2021-12-21T16:30:59.882-0500][gc,heap     ] GC(6) Survivor regions: 6->7(7)
[2021-12-21T16:30:59.882-0500][gc,heap     ] GC(6) Old regions: 10->11
[2021-12-21T16:30:59.882-0500][gc,heap     ] GC(6) Archive regions: 0->0
[2021-12-21T16:30:59.882-0500][gc,heap     ] GC(6) Humongous regions: 129->129
[2021-12-21T16:30:59.882-0500][gc,metaspace] GC(6) Metaspace: 48855K(49472K)->48855K(49472K) NonClass: 43226K(43584K)->43226K(43584K) Class: 5629K(5888K)->5629K(5888K)
[2021-12-21T16:30:59.882-0500][gc          ] GC(6) Pause Young (Mixed) (G1 Evacuation Pause) 188M->146M(1024M) 14.543ms
[2021-12-21T16:30:59.882-0500][gc,cpu      ] GC(6) User=0.04s Sys=0.00s Real=0.02s
[2021-12-21T16:34:00.572-0500][gc,start    ] GC(7) Pause Young (Normal) (G1 Evacuation Pause)
[2021-12-21T16:34:00.573-0500][gc,task     ] GC(7) Using 8 workers of 8 for evacuation
[2021-12-21T16:34:00.583-0500][gc,phases   ] GC(7)   Pre Evacuate Collection Set: 0.1ms
[2021-12-21T16:34:00.583-0500][gc,phases   ] GC(7)   Merge Heap Roots: 0.1ms
[2021-12-21T16:34:00.583-0500][gc,phases   ] GC(7)   Evacuate Collection Set: 9.4ms
[2021-12-21T16:34:00.583-0500][gc,phases   ] GC(7)   Post Evacuate Collection Set: 0.6ms
[2021-12-21T16:34:00.583-0500][gc,phases   ] GC(7)   Other: 0.9ms
[2021-12-21T16:34:00.583-0500][gc,heap     ] GC(7) Eden regions: 44->0(47)
[2021-12-21T16:34:00.583-0500][gc,heap     ] GC(7) Survivor regions: 7->4(7)
[2021-12-21T16:34:00.583-0500][gc,heap     ] GC(7) Old regions: 11->15
[2021-12-21T16:34:00.583-0500][gc,heap     ] GC(7) Archive regions: 0->0
[2021-12-21T16:34:00.583-0500][gc,heap     ] GC(7) Humongous regions: 129->129
[2021-12-21T16:34:00.583-0500][gc,metaspace] GC(7) Metaspace: 48954K(49536K)->48954K(49536K) NonClass: 43321K(43648K)->43321K(43648K) Class: 5632K(5888K)->5632K(5888K)
[2021-12-21T16:34:00.583-0500][gc          ] GC(7) Pause Young (Normal) (G1 Evacuation Pause) 190M->147M(1024M) 11.191ms
[2021-12-21T16:34:00.583-0500][gc,cpu      ] GC(7) User=0.03s Sys=0.01s Real=0.01s
[2021-12-21T16:37:27.659-0500][gc,start    ] GC(8) Pause Young (Normal) (G1 Evacuation Pause)
[2021-12-21T16:37:27.661-0500][gc,task     ] GC(8) Using 8 workers of 8 for evacuation
[2021-12-21T16:37:27.675-0500][gc,phases   ] GC(8)   Pre Evacuate Collection Set: 0.3ms
[2021-12-21T16:37:27.675-0500][gc,phases   ] GC(8)   Merge Heap Roots: 0.2ms
[2021-12-21T16:37:27.675-0500][gc,phases   ] GC(8)   Evacuate Collection Set: 13.2ms
[2021-12-21T16:37:27.675-0500][gc,phases   ] GC(8)   Post Evacuate Collection Set: 0.3ms
[2021-12-21T16:37:27.675-0500][gc,phases   ] GC(8)   Other: 1.4ms
[2021-12-21T16:37:27.675-0500][gc,heap     ] GC(8) Eden regions: 47->0(45)
[2021-12-21T16:37:27.675-0500][gc,heap     ] GC(8) Survivor regions: 4->6(7)
[2021-12-21T16:37:27.675-0500][gc,heap     ] GC(8) Old regions: 15->17
[2021-12-21T16:37:27.675-0500][gc,heap     ] GC(8) Archive regions: 0->0
[2021-12-21T16:37:27.675-0500][gc,heap     ] GC(8) Humongous regions: 129->129
[2021-12-21T16:37:27.675-0500][gc,metaspace] GC(8) Metaspace: 49056K(49664K)->49056K(49664K) NonClass: 43408K(43776K)->43408K(43776K) Class: 5648K(5888K)->5648K(5888K)
[2021-12-21T16:37:27.675-0500][gc          ] GC(8) Pause Young (Normal) (G1 Evacuation Pause) 194M->151M(1024M) 15.563ms
[2021-12-21T16:37:27.675-0500][gc,cpu      ] GC(8) User=0.05s Sys=0.00s Real=0.02s
[2021-12-21T16:40:53.440-0500][gc,start    ] GC(9) Pause Young (Normal) (G1 Evacuation Pause)
[2021-12-21T16:40:53.440-0500][gc,task     ] GC(9) Using 8 workers of 8 for evacuation
[2021-12-21T16:40:53.453-0500][gc,phases   ] GC(9)   Pre Evacuate Collection Set: 0.3ms
[2021-12-21T16:40:53.453-0500][gc,phases   ] GC(9)   Merge Heap Roots: 0.1ms
[2021-12-21T16:40:53.453-0500][gc,phases   ] GC(9)   Evacuate Collection Set: 11.2ms
[2021-12-21T16:40:53.453-0500][gc,phases   ] GC(9)   Post Evacuate Collection Set: 0.5ms
[2021-12-21T16:40:53.453-0500][gc,phases   ] GC(9)   Other: 0.4ms
[2021-12-21T16:40:53.453-0500][gc,heap     ] GC(9) Eden regions: 45->0(45)
[2021-12-21T16:40:53.453-0500][gc,heap     ] GC(9) Survivor regions: 6->6(7)
[2021-12-21T16:40:53.453-0500][gc,heap     ] GC(9) Old regions: 17->18
[2021-12-21T16:40:53.453-0500][gc,heap     ] GC(9) Archive regions: 0->0
[2021-12-21T16:40:53.453-0500][gc,heap     ] GC(9) Humongous regions: 129->129
[2021-12-21T16:40:53.453-0500][gc,metaspace] GC(9) Metaspace: 49112K(49664K)->49112K(49664K) NonClass: 43464K(43776K)->43464K(43776K) Class: 5648K(5888K)->5648K(5888K)
[2021-12-21T16:40:53.453-0500][gc          ] GC(9) Pause Young (Normal) (G1 Evacuation Pause) 196M->152M(1024M) 12.727ms
[2021-12-21T16:40:53.453-0500][gc,cpu      ] GC(9) User=0.04s Sys=0.00s Real=0.01s
[2021-12-21T16:44:20.712-0500][gc,start    ] GC(10) Pause Young (Normal) (G1 Evacuation Pause)
[2021-12-21T16:44:20.713-0500][gc,task     ] GC(10) Using 8 workers of 8 for evacuation
[2021-12-21T16:44:20.725-0500][gc,phases   ] GC(10)   Pre Evacuate Collection Set: 0.3ms
[2021-12-21T16:44:20.725-0500][gc,phases   ] GC(10)   Merge Heap Roots: 0.1ms
[2021-12-21T16:44:20.725-0500][gc,phases   ] GC(10)   Evacuate Collection Set: 11.7ms
[2021-12-21T16:44:20.725-0500][gc,phases   ] GC(10)   Post Evacuate Collection Set: 0.3ms
[2021-12-21T16:44:20.725-0500][gc,phases   ] GC(10)   Other: 1.4ms
[2021-12-21T16:44:20.726-0500][gc,heap     ] GC(10) Eden regions: 45->0(50)
[2021-12-21T16:44:20.726-0500][gc,heap     ] GC(10) Survivor regions: 6->5(7)
[2021-12-21T16:44:20.726-0500][gc,heap     ] GC(10) Old regions: 18->20
[2021-12-21T16:44:20.726-0500][gc,heap     ] GC(10) Archive regions: 0->0
[2021-12-21T16:44:20.726-0500][gc,heap     ] GC(10) Humongous regions: 129->129
[2021-12-21T16:44:20.726-0500][gc,metaspace] GC(10) Metaspace: 49127K(49664K)->49127K(49664K) NonClass: 43478K(43776K)->43478K(43776K) Class: 5648K(5888K)->5648K(5888K)
[2021-12-21T16:44:20.726-0500][gc          ] GC(10) Pause Young (Normal) (G1 Evacuation Pause) 197M->152M(1024M) 13.916ms
[2021-12-21T16:44:20.726-0500][gc,cpu      ] GC(10) User=0.04s Sys=0.00s Real=0.01s
[2021-12-21T16:47:54.054-0500][gc,start    ] GC(11) Pause Young (Normal) (G1 Evacuation Pause)
[2021-12-21T16:47:54.054-0500][gc,task     ] GC(11) Using 8 workers of 8 for evacuation
[2021-12-21T16:47:54.062-0500][gc,phases   ] GC(11)   Pre Evacuate Collection Set: 0.2ms
[2021-12-21T16:47:54.062-0500][gc,phases   ] GC(11)   Merge Heap Roots: 0.1ms
[2021-12-21T16:47:54.062-0500][gc,phases   ] GC(11)   Evacuate Collection Set: 6.8ms
[2021-12-21T16:47:54.062-0500][gc,phases   ] GC(11)   Post Evacuate Collection Set: 0.4ms
[2021-12-21T16:47:54.062-0500][gc,phases   ] GC(11)   Other: 0.3ms
[2021-12-21T16:47:54.062-0500][gc,heap     ] GC(11) Eden regions: 46->0(98)
[2021-12-21T16:47:54.062-0500][gc,heap     ] GC(11) Survivor regions: 5->4(7)
[2021-12-21T16:47:54.062-0500][gc,heap     ] GC(11) Old regions: 20->21
[2021-12-21T16:47:54.062-0500][gc,heap     ] GC(11) Archive regions: 0->0
[2021-12-21T16:47:54.062-0500][gc,heap     ] GC(11) Humongous regions: 129->129
[2021-12-21T16:47:54.062-0500][gc,metaspace] GC(11) Metaspace: 49150K(49728K)->49150K(49728K) NonClass: 43501K(43840K)->43501K(43840K) Class: 5648K(5888K)->5648K(5888K)
[2021-12-21T16:47:54.062-0500][gc          ] GC(11) Pause Young (Normal) (G1 Evacuation Pause) 198M->152M(1024M) 8.017ms
[2021-12-21T16:47:54.062-0500][gc,cpu      ] GC(11) User=0.03s Sys=0.00s Real=0.01s
[2021-12-21T16:55:18.807-0500][gc,start    ] GC(12) Pause Young (Normal) (G1 Evacuation Pause)
[2021-12-21T16:55:18.808-0500][gc,task     ] GC(12) Using 8 workers of 8 for evacuation
[2021-12-21T16:55:18.821-0500][gc,phases   ] GC(12)   Pre Evacuate Collection Set: 0.4ms
[2021-12-21T16:55:18.821-0500][gc,phases   ] GC(12)   Merge Heap Roots: 0.1ms
[2021-12-21T16:55:18.821-0500][gc,phases   ] GC(12)   Evacuate Collection Set: 11.6ms
[2021-12-21T16:55:18.821-0500][gc,phases   ] GC(12)   Post Evacuate Collection Set: 0.5ms
[2021-12-21T16:55:18.821-0500][gc,phases   ] GC(12)   Other: 1.4ms
[2021-12-21T16:55:18.821-0500][gc,heap     ] GC(12) Eden regions: 94->0(92)
[2021-12-21T16:55:18.821-0500][gc,heap     ] GC(12) Survivor regions: 4->6(13)
[2021-12-21T16:55:18.821-0500][gc,heap     ] GC(12) Old regions: 21->21
[2021-12-21T16:55:18.821-0500][gc,heap     ] GC(12) Archive regions: 0->0
[2021-12-21T16:55:18.821-0500][gc,heap     ] GC(12) Humongous regions: 129->129
[2021-12-21T16:55:18.821-0500][gc,metaspace] GC(12) Metaspace: 49182K(49728K)->49182K(49728K) NonClass: 43534K(43840K)->43534K(43840K) Class: 5648K(5888K)->5648K(5888K)
[2021-12-21T16:55:18.821-0500][gc          ] GC(12) Pause Young (Normal) (G1 Evacuation Pause) 246M->154M(1024M) 14.137ms
[2021-12-21T16:55:18.821-0500][gc,cpu      ] GC(12) User=0.04s Sys=0.00s Real=0.02s
[2021-12-21T17:02:39.537-0500][gc,start    ] GC(13) Pause Young (Normal) (G1 Evacuation Pause)
[2021-12-21T17:02:39.538-0500][gc,task     ] GC(13) Using 8 workers of 8 for evacuation
[2021-12-21T17:02:39.558-0500][gc,phases   ] GC(13)   Pre Evacuate Collection Set: 0.6ms
[2021-12-21T17:02:39.558-0500][gc,phases   ] GC(13)   Merge Heap Roots: 0.2ms
[2021-12-21T17:02:39.558-0500][gc,phases   ] GC(13)   Evacuate Collection Set: 18.5ms
[2021-12-21T17:02:39.558-0500][gc,phases   ] GC(13)   Post Evacuate Collection Set: 0.6ms
[2021-12-21T17:02:39.558-0500][gc,phases   ] GC(13)   Other: 1.4ms
[2021-12-21T17:02:39.558-0500][gc,heap     ] GC(13) Eden regions: 92->0(65)
[2021-12-21T17:02:39.558-0500][gc,heap     ] GC(13) Survivor regions: 6->12(13)
[2021-12-21T17:02:39.559-0500][gc,heap     ] GC(13) Old regions: 21->21
[2021-12-21T17:02:39.559-0500][gc,heap     ] GC(13) Archive regions: 0->0
[2021-12-21T17:02:39.559-0500][gc,heap     ] GC(13) Humongous regions: 129->129
[2021-12-21T17:02:39.559-0500][gc,metaspace] GC(13) Metaspace: 49210K(49728K)->49210K(49728K) NonClass: 43562K(43840K)->43562K(43840K) Class: 5648K(5888K)->5648K(5888K)
[2021-12-21T17:02:39.559-0500][gc          ] GC(13) Pause Young (Normal) (G1 Evacuation Pause) 246M->160M(1024M) 21.465ms
[2021-12-21T17:02:39.559-0500][gc,cpu      ] GC(13) User=0.06s Sys=0.01s Real=0.02s
[2021-12-21T17:07:48.758-0500][gc,start    ] GC(14) Pause Young (Normal) (G1 Evacuation Pause)
[2021-12-21T17:07:48.759-0500][gc,task     ] GC(14) Using 8 workers of 8 for evacuation
[2021-12-21T17:07:48.776-0500][gc,phases   ] GC(14)   Pre Evacuate Collection Set: 0.3ms
[2021-12-21T17:07:48.776-0500][gc,phases   ] GC(14)   Merge Heap Roots: 0.1ms
[2021-12-21T17:07:48.776-0500][gc,phases   ] GC(14)   Evacuate Collection Set: 16.1ms
[2021-12-21T17:07:48.776-0500][gc,phases   ] GC(14)   Post Evacuate Collection Set: 0.5ms
[2021-12-21T17:07:48.776-0500][gc,phases   ] GC(14)   Other: 1.3ms
[2021-12-21T17:07:48.776-0500][gc,heap     ] GC(14) Eden regions: 65->0(162)
[2021-12-21T17:07:48.776-0500][gc,heap     ] GC(14) Survivor regions: 12->4(10)
[2021-12-21T17:07:48.776-0500][gc,heap     ] GC(14) Old regions: 21->27
[2021-12-21T17:07:48.776-0500][gc,heap     ] GC(14) Archive regions: 0->0
[2021-12-21T17:07:48.776-0500][gc,heap     ] GC(14) Humongous regions: 129->129
[2021-12-21T17:07:48.776-0500][gc,metaspace] GC(14) Metaspace: 49249K(49792K)->49249K(49792K) NonClass: 43601K(43904K)->43601K(43904K) Class: 5648K(5888K)->5648K(5888K)
[2021-12-21T17:07:48.776-0500][gc          ] GC(14) Pause Young (Normal) (G1 Evacuation Pause) 225M->159M(1024M) 18.490ms
[2021-12-21T17:07:48.776-0500][gc,cpu      ] GC(14) User=0.04s Sys=0.01s Real=0.02s
[2021-12-21T17:20:48.424-0500][gc,start    ] GC(15) Pause Young (Normal) (G1 Evacuation Pause)
[2021-12-21T17:20:48.425-0500][gc,task     ] GC(15) Using 8 workers of 8 for evacuation
[2021-12-21T17:20:48.438-0500][gc,phases   ] GC(15)   Pre Evacuate Collection Set: 0.3ms
[2021-12-21T17:20:48.438-0500][gc,phases   ] GC(15)   Merge Heap Roots: 0.1ms
[2021-12-21T17:20:48.438-0500][gc,phases   ] GC(15)   Evacuate Collection Set: 12.4ms
[2021-12-21T17:20:48.438-0500][gc,phases   ] GC(15)   Post Evacuate Collection Set: 0.3ms
[2021-12-21T17:20:48.438-0500][gc,phases   ] GC(15)   Other: 1.3ms
[2021-12-21T17:20:48.438-0500][gc,heap     ] GC(15) Eden regions: 162->0(93)
[2021-12-21T17:20:48.438-0500][gc,heap     ] GC(15) Survivor regions: 4->9(21)
[2021-12-21T17:20:48.438-0500][gc,heap     ] GC(15) Old regions: 27->27
[2021-12-21T17:20:48.438-0500][gc,heap     ] GC(15) Archive regions: 0->0
[2021-12-21T17:20:48.438-0500][gc,heap     ] GC(15) Humongous regions: 129->129
[2021-12-21T17:20:48.438-0500][gc,metaspace] GC(15) Metaspace: 49306K(49856K)->49306K(49856K) NonClass: 43657K(43968K)->43657K(43968K) Class: 5649K(5888K)->5649K(5888K)
[2021-12-21T17:20:48.438-0500][gc          ] GC(15) Pause Young (Normal) (G1 Evacuation Pause) 321M->164M(1024M) 14.524ms
[2021-12-21T17:20:48.439-0500][gc,cpu      ] GC(15) User=0.05s Sys=0.01s Real=0.01s
[2021-12-21T17:27:56.865-0500][gc,start    ] GC(16) Pause Young (Normal) (G1 Evacuation Pause)
[2021-12-21T17:27:56.866-0500][gc,task     ] GC(16) Using 8 workers of 8 for evacuation
[2021-12-21T17:27:56.887-0500][gc,phases   ] GC(16)   Pre Evacuate Collection Set: 0.5ms
[2021-12-21T17:27:56.887-0500][gc,phases   ] GC(16)   Merge Heap Roots: 0.1ms
[2021-12-21T17:27:56.887-0500][gc,phases   ] GC(16)   Evacuate Collection Set: 19.0ms
[2021-12-21T17:27:56.887-0500][gc,phases   ] GC(16)   Post Evacuate Collection Set: 0.5ms
[2021-12-21T17:27:56.887-0500][gc,phases   ] GC(16)   Other: 1.6ms
[2021-12-21T17:27:56.887-0500][gc,heap     ] GC(16) Eden regions: 93->0(38)
[2021-12-21T17:27:56.887-0500][gc,heap     ] GC(16) Survivor regions: 9->13(13)
[2021-12-21T17:27:56.887-0500][gc,heap     ] GC(16) Old regions: 27->29
[2021-12-21T17:27:56.887-0500][gc,heap     ] GC(16) Archive regions: 0->0
[2021-12-21T17:27:56.887-0500][gc,heap     ] GC(16) Humongous regions: 129->129
[2021-12-21T17:27:56.887-0500][gc,metaspace] GC(16) Metaspace: 49352K(49920K)->49352K(49920K) NonClass: 43700K(44032K)->43700K(44032K) Class: 5652K(5888K)->5652K(5888K)
[2021-12-21T17:27:56.887-0500][gc          ] GC(16) Pause Young (Normal) (G1 Evacuation Pause) 257M->170M(1024M) 21.944ms
[2021-12-21T17:27:56.887-0500][gc,cpu      ] GC(16) User=0.07s Sys=0.02s Real=0.02s
[2021-12-21T17:30:54.690-0500][gc,start    ] GC(17) Pause Young (Normal) (G1 Evacuation Pause)
[2021-12-21T17:30:54.692-0500][gc,task     ] GC(17) Using 8 workers of 8 for evacuation
[2021-12-21T17:30:54.718-0500][gc,mmu      ] GC(17) MMU target violated: 21.0ms (20.0ms/21.0ms)
[2021-12-21T17:30:54.718-0500][gc,phases   ] GC(17)   Pre Evacuate Collection Set: 0.5ms
[2021-12-21T17:30:54.718-0500][gc,phases   ] GC(17)   Merge Heap Roots: 0.2ms
[2021-12-21T17:30:54.718-0500][gc,phases   ] GC(17)   Evacuate Collection Set: 24.6ms
[2021-12-21T17:30:54.718-0500][gc,phases   ] GC(17)   Post Evacuate Collection Set: 0.6ms
[2021-12-21T17:30:54.718-0500][gc,phases   ] GC(17)   Other: 1.9ms
[2021-12-21T17:30:54.718-0500][gc,heap     ] GC(17) Eden regions: 38->0(97)
[2021-12-21T17:30:54.718-0500][gc,heap     ] GC(17) Survivor regions: 13->5(7)
[2021-12-21T17:30:54.718-0500][gc,heap     ] GC(17) Old regions: 29->37
[2021-12-21T17:30:54.718-0500][gc,heap     ] GC(17) Archive regions: 0->0
[2021-12-21T17:30:54.718-0500][gc,heap     ] GC(17) Humongous regions: 129->129
[2021-12-21T17:30:54.718-0500][gc,metaspace] GC(17) Metaspace: 49373K(49920K)->49373K(49920K) NonClass: 43720K(44032K)->43720K(44032K) Class: 5652K(5888K)->5652K(5888K)
[2021-12-21T17:30:54.718-0500][gc          ] GC(17) Pause Young (Normal) (G1 Evacuation Pause) 208M->170M(1024M) 27.839ms
[2021-12-21T17:30:54.718-0500][gc,cpu      ] GC(17) User=0.05s Sys=0.02s Real=0.02s
[2021-12-21T17:57:36.191-0500][gc,start    ] GC(18) Pause Young (Normal) (G1 Evacuation Pause)
[2021-12-21T17:57:36.193-0500][gc,task     ] GC(18) Using 8 workers of 8 for evacuation
[2021-12-21T17:57:36.205-0500][gc,phases   ] GC(18)   Pre Evacuate Collection Set: 0.3ms
[2021-12-21T17:57:36.205-0500][gc,phases   ] GC(18)   Merge Heap Roots: 0.1ms
[2021-12-21T17:57:36.205-0500][gc,phases   ] GC(18)   Evacuate Collection Set: 11.3ms
[2021-12-21T17:57:36.205-0500][gc,phases   ] GC(18)   Post Evacuate Collection Set: 0.5ms
[2021-12-21T17:57:36.205-0500][gc,phases   ] GC(18)   Other: 1.6ms
[2021-12-21T17:57:36.205-0500][gc,heap     ] GC(18) Eden regions: 97->0(97)
[2021-12-21T17:57:36.205-0500][gc,heap     ] GC(18) Survivor regions: 5->7(13)
[2021-12-21T17:57:36.205-0500][gc,heap     ] GC(18) Old regions: 37->37
[2021-12-21T17:57:36.205-0500][gc,heap     ] GC(18) Archive regions: 0->0
[2021-12-21T17:57:36.205-0500][gc,heap     ] GC(18) Humongous regions: 129->129
[2021-12-21T17:57:36.205-0500][gc,metaspace] GC(18) Metaspace: 49378K(49920K)->49378K(49920K) NonClass: 43725K(44032K)->43725K(44032K) Class: 5652K(5888K)->5652K(5888K)
[2021-12-21T17:57:36.205-0500][gc          ] GC(18) Pause Young (Normal) (G1 Evacuation Pause) 267M->172M(1024M) 13.985ms
[2021-12-21T17:57:36.206-0500][gc,cpu      ] GC(18) User=0.05s Sys=0.01s Real=0.01s
[2021-12-21T18:25:50.858-0500][gc,start    ] GC(19) Pause Young (Normal) (G1 Evacuation Pause)
[2021-12-21T18:25:50.858-0500][gc,task     ] GC(19) Using 8 workers of 8 for evacuation
[2021-12-21T18:25:50.872-0500][gc,phases   ] GC(19)   Pre Evacuate Collection Set: 0.3ms
[2021-12-21T18:25:50.872-0500][gc,phases   ] GC(19)   Merge Heap Roots: 0.1ms
[2021-12-21T18:25:50.872-0500][gc,phases   ] GC(19)   Evacuate Collection Set: 13.1ms
[2021-12-21T18:25:50.872-0500][gc,phases   ] GC(19)   Post Evacuate Collection Set: 0.4ms
[2021-12-21T18:25:50.872-0500][gc,phases   ] GC(19)   Other: 0.8ms
[2021-12-21T18:25:50.872-0500][gc,heap     ] GC(19) Eden regions: 97->0(93)
[2021-12-21T18:25:50.872-0500][gc,heap     ] GC(19) Survivor regions: 7->9(13)
[2021-12-21T18:25:50.872-0500][gc,heap     ] GC(19) Old regions: 37->37
[2021-12-21T18:25:50.872-0500][gc,heap     ] GC(19) Archive regions: 0->0
[2021-12-21T18:25:50.872-0500][gc,heap     ] GC(19) Humongous regions: 129->129
[2021-12-21T18:25:50.872-0500][gc,metaspace] GC(19) Metaspace: 49398K(49920K)->49398K(49920K) NonClass: 43746K(44032K)->43746K(44032K) Class: 5652K(5888K)->5652K(5888K)
[2021-12-21T18:25:50.872-0500][gc          ] GC(19) Pause Young (Normal) (G1 Evacuation Pause) 269M->174M(1024M) 14.749ms
[2021-12-21T18:25:50.872-0500][gc,cpu      ] GC(19) User=0.05s Sys=0.01s Real=0.02s
[2021-12-21T18:55:17.745-0500][gc,start    ] GC(20) Pause Young (Normal) (G1 Evacuation Pause)
[2021-12-21T18:55:17.746-0500][gc,task     ] GC(20) Using 8 workers of 8 for evacuation
[2021-12-21T18:55:17.759-0500][gc,phases   ] GC(20)   Pre Evacuate Collection Set: 0.4ms
[2021-12-21T18:55:17.759-0500][gc,phases   ] GC(20)   Merge Heap Roots: 0.1ms
[2021-12-21T18:55:17.759-0500][gc,phases   ] GC(20)   Evacuate Collection Set: 12.0ms
[2021-12-21T18:55:17.759-0500][gc,phases   ] GC(20)   Post Evacuate Collection Set: 0.3ms
[2021-12-21T18:55:17.759-0500][gc,phases   ] GC(20)   Other: 1.7ms
[2021-12-21T18:55:17.759-0500][gc,heap     ] GC(20) Eden regions: 93->0(161)
[2021-12-21T18:55:17.759-0500][gc,heap     ] GC(20) Survivor regions: 9->7(13)
[2021-12-21T18:55:17.759-0500][gc,heap     ] GC(20) Old regions: 37->41
[2021-12-21T18:55:17.759-0500][gc,heap     ] GC(20) Archive regions: 0->0
[2021-12-21T18:55:17.759-0500][gc,heap     ] GC(20) Humongous regions: 129->129
[2021-12-21T18:55:17.759-0500][gc,metaspace] GC(20) Metaspace: 49404K(49920K)->49404K(49920K) NonClass: 43751K(44032K)->43751K(44032K) Class: 5652K(5888K)->5652K(5888K)
[2021-12-21T18:55:17.759-0500][gc          ] GC(20) Pause Young (Normal) (G1 Evacuation Pause) 267M->176M(1024M) 14.468ms
[2021-12-21T18:55:17.759-0500][gc,cpu      ] GC(20) User=0.05s Sys=0.01s Real=0.01s
[2021-12-21T19:37:42.257-0500][gc,start    ] GC(21) Pause Young (Normal) (G1 Evacuation Pause)
[2021-12-21T19:37:42.258-0500][gc,task     ] GC(21) Using 8 workers of 8 for evacuation
[2021-12-21T19:37:42.274-0500][gc,phases   ] GC(21)   Pre Evacuate Collection Set: 0.3ms
[2021-12-21T19:37:42.274-0500][gc,phases   ] GC(21)   Merge Heap Roots: 0.1ms
[2021-12-21T19:37:42.274-0500][gc,phases   ] GC(21)   Evacuate Collection Set: 15.1ms
[2021-12-21T19:37:42.274-0500][gc,phases   ] GC(21)   Post Evacuate Collection Set: 0.5ms
[2021-12-21T19:37:42.274-0500][gc,phases   ] GC(21)   Other: 0.7ms
[2021-12-21T19:37:42.274-0500][gc,heap     ] GC(21) Eden regions: 161->0(83)
[2021-12-21T19:37:42.274-0500][gc,heap     ] GC(21) Survivor regions: 7->12(21)
[2021-12-21T19:37:42.274-0500][gc,heap     ] GC(21) Old regions: 41->41
[2021-12-21T19:37:42.274-0500][gc,heap     ] GC(21) Archive regions: 0->0
[2021-12-21T19:37:42.274-0500][gc,heap     ] GC(21) Humongous regions: 129->129
[2021-12-21T19:37:42.274-0500][gc,metaspace] GC(21) Metaspace: 49424K(49920K)->49424K(49920K) NonClass: 43771K(44032K)->43771K(44032K) Class: 5652K(5888K)->5652K(5888K)
[2021-12-21T19:37:42.274-0500][gc          ] GC(21) Pause Young (Normal) (G1 Evacuation Pause) 337M->180M(1024M) 16.852ms
[2021-12-21T19:37:42.274-0500][gc,cpu      ] GC(21) User=0.05s Sys=0.01s Real=0.02s
[2021-12-21T20:02:37.201-0500][gc,start    ] GC(22) Pause Young (Normal) (G1 Evacuation Pause)
[2021-12-21T20:02:37.202-0500][gc,task     ] GC(22) Using 8 workers of 8 for evacuation
[2021-12-21T20:02:37.220-0500][gc,phases   ] GC(22)   Pre Evacuate Collection Set: 0.3ms
[2021-12-21T20:02:37.221-0500][gc,phases   ] GC(22)   Merge Heap Roots: 0.1ms
[2021-12-21T20:02:37.221-0500][gc,phases   ] GC(22)   Evacuate Collection Set: 17.1ms
[2021-12-21T20:02:37.221-0500][gc,phases   ] GC(22)   Post Evacuate Collection Set: 0.3ms
[2021-12-21T20:02:37.221-0500][gc,phases   ] GC(22)   Other: 1.5ms
[2021-12-21T20:02:37.221-0500][gc,heap     ] GC(22) Eden regions: 83->0(88)
[2021-12-21T20:02:37.221-0500][gc,heap     ] GC(22) Survivor regions: 12->12(12)
[2021-12-21T20:02:37.221-0500][gc,heap     ] GC(22) Old regions: 41->46
[2021-12-21T20:02:37.221-0500][gc,heap     ] GC(22) Archive regions: 0->0
[2021-12-21T20:02:37.221-0500][gc,heap     ] GC(22) Humongous regions: 129->129
[2021-12-21T20:02:37.221-0500][gc,metaspace] GC(22) Metaspace: 49428K(49984K)->49428K(49984K) NonClass: 43775K(44096K)->43775K(44096K) Class: 5652K(5888K)->5652K(5888K)
[2021-12-21T20:02:37.221-0500][gc          ] GC(22) Pause Young (Normal) (G1 Evacuation Pause) 263M->185M(1024M) 19.409ms
[2021-12-21T20:02:37.221-0500][gc,cpu      ] GC(22) User=0.07s Sys=0.01s Real=0.02s
[2021-12-21T20:29:11.501-0500][gc,start    ] GC(23) Pause Young (Normal) (G1 Evacuation Pause)
[2021-12-21T20:29:11.501-0500][gc,task     ] GC(23) Using 8 workers of 8 for evacuation
[2021-12-21T20:29:11.517-0500][gc,phases   ] GC(23)   Pre Evacuate Collection Set: 0.1ms
[2021-12-21T20:29:11.517-0500][gc,phases   ] GC(23)   Merge Heap Roots: 0.1ms
[2021-12-21T20:29:11.517-0500][gc,phases   ] GC(23)   Evacuate Collection Set: 15.2ms
[2021-12-21T20:29:11.517-0500][gc,phases   ] GC(23)   Post Evacuate Collection Set: 0.4ms
[2021-12-21T20:29:11.517-0500][gc,phases   ] GC(23)   Other: 0.4ms
[2021-12-21T20:29:11.517-0500][gc,heap     ] GC(23) Eden regions: 88->0(184)
[2021-12-21T20:29:11.517-0500][gc,heap     ] GC(23) Survivor regions: 12->8(13)
[2021-12-21T20:29:11.517-0500][gc,heap     ] GC(23) Old regions: 46->51
[2021-12-21T20:29:11.517-0500][gc,heap     ] GC(23) Archive regions: 0->0
[2021-12-21T20:29:11.517-0500][gc,heap     ] GC(23) Humongous regions: 129->129
[2021-12-21T20:29:11.517-0500][gc,metaspace] GC(23) Metaspace: 49430K(49984K)->49430K(49984K) NonClass: 43777K(44096K)->43777K(44096K) Class: 5652K(5888K)->5652K(5888K)
[2021-12-21T20:29:11.517-0500][gc          ] GC(23) Pause Young (Normal) (G1 Evacuation Pause) 273M->187M(1024M) 16.183ms
[2021-12-21T20:29:11.517-0500][gc,cpu      ] GC(23) User=0.05s Sys=0.00s Real=0.01s
[2021-12-21T21:25:06.580-0500][gc,start    ] GC(24) Pause Young (Normal) (G1 Evacuation Pause)
[2021-12-21T21:25:06.581-0500][gc,task     ] GC(24) Using 8 workers of 8 for evacuation
[2021-12-21T21:25:06.598-0500][gc,phases   ] GC(24)   Pre Evacuate Collection Set: 0.4ms
[2021-12-21T21:25:06.598-0500][gc,phases   ] GC(24)   Merge Heap Roots: 0.2ms
[2021-12-21T21:25:06.598-0500][gc,phases   ] GC(24)   Evacuate Collection Set: 15.7ms
[2021-12-21T21:25:06.598-0500][gc,phases   ] GC(24)   Post Evacuate Collection Set: 0.2ms
[2021-12-21T21:25:06.598-0500][gc,phases   ] GC(24)   Other: 1.4ms
[2021-12-21T21:25:06.598-0500][gc,heap     ] GC(24) Eden regions: 184->0(128)
[2021-12-21T21:25:06.598-0500][gc,heap     ] GC(24) Survivor regions: 8->14(24)
[2021-12-21T21:25:06.598-0500][gc,heap     ] GC(24) Old regions: 51->51
[2021-12-21T21:25:06.598-0500][gc,heap     ] GC(24) Archive regions: 0->0
[2021-12-21T21:25:06.598-0500][gc,heap     ] GC(24) Humongous regions: 129->129
[2021-12-21T21:25:06.598-0500][gc,metaspace] GC(24) Metaspace: 49448K(50048K)->49448K(50048K) NonClass: 43795K(44160K)->43795K(44160K) Class: 5652K(5888K)->5652K(5888K)
[2021-12-21T21:25:06.598-0500][gc          ] GC(24) Pause Young (Normal) (G1 Evacuation Pause) 371M->193M(1024M) 17.874ms
[2021-12-21T21:25:06.598-0500][gc,cpu      ] GC(24) User=0.05s Sys=0.01s Real=0.01s
[2021-12-21T21:59:31.153-0500][gc,start    ] GC(25) Pause Young (Normal) (G1 Evacuation Pause)
[2021-12-21T21:59:31.155-0500][gc,task     ] GC(25) Using 8 workers of 8 for evacuation
[2021-12-21T21:59:31.173-0500][gc,phases   ] GC(25)   Pre Evacuate Collection Set: 0.3ms
[2021-12-21T21:59:31.173-0500][gc,phases   ] GC(25)   Merge Heap Roots: 0.1ms
[2021-12-21T21:59:31.173-0500][gc,phases   ] GC(25)   Evacuate Collection Set: 17.5ms
[2021-12-21T21:59:31.173-0500][gc,phases   ] GC(25)   Post Evacuate Collection Set: 0.4ms
[2021-12-21T21:59:31.173-0500][gc,phases   ] GC(25)   Other: 1.5ms
[2021-12-21T21:59:31.173-0500][gc,heap     ] GC(25) Eden regions: 128->0(608)
[2021-12-21T21:59:31.173-0500][gc,heap     ] GC(25) Survivor regions: 14->6(18)
[2021-12-21T21:59:31.173-0500][gc,heap     ] GC(25) Old regions: 51->56
[2021-12-21T21:59:31.173-0500][gc,heap     ] GC(25) Archive regions: 0->0
[2021-12-21T21:59:31.173-0500][gc,heap     ] GC(25) Humongous regions: 129->129
[2021-12-21T21:59:31.173-0500][gc,metaspace] GC(25) Metaspace: 49457K(50048K)->49457K(50048K) NonClass: 43805K(44160K)->43805K(44160K) Class: 5652K(5888K)->5652K(5888K)
[2021-12-21T21:59:31.174-0500][gc          ] GC(25) Pause Young (Normal) (G1 Evacuation Pause) 321M->190M(1024M) 20.061ms
[2021-12-21T21:59:31.174-0500][gc,cpu      ] GC(25) User=0.06s Sys=0.01s Real=0.02s
[2021-12-22T00:02:54.611-0500][gc,heap,exit] Heap
[2021-12-22T00:02:54.612-0500][gc,heap,exit]  garbage-first heap   total 1048576K, used 629486K [0x00000007c0000000, 0x0000000800000000)
[2021-12-22T00:02:54.612-0500][gc,heap,exit]   region size 1024K, 430 young (440320K), 6 survivors (6144K)
[2021-12-22T00:02:54.612-0500][gc,heap,exit]  Metaspace       used 50127K, committed 50688K, reserved 1097728K
[2021-12-22T00:02:54.612-0500][gc,heap,exit]   class space    used 5811K, committed 6080K, reserved 1048576K
