[2021-12-21T16:24:15.120-0500][gc] Using G1
[2021-12-21T16:24:15.120-0500][gc,init] Version: 17.0.1+12 (release)
[2021-12-21T16:24:15.120-0500][gc,init] CPUs: 8 total, 8 available
[2021-12-21T16:24:15.120-0500][gc,init] Memory: 16384M
[2021-12-21T16:24:15.120-0500][gc,init] Large Page Support: Disabled
[2021-12-21T16:24:15.120-0500][gc,init] NUMA Support: Disabled
[2021-12-21T16:24:15.121-0500][gc,init] Compressed Oops: Enabled (Zero based)
[2021-12-21T16:24:15.121-0500][gc,init] Heap Region Size: 1M
[2021-12-21T16:24:15.121-0500][gc,init] Heap Min Capacity: 512M
[2021-12-21T16:24:15.121-0500][gc,init] Heap Initial Capacity: 512M
[2021-12-21T16:24:15.121-0500][gc,init] Heap Max Capacity: 512M
[2021-12-21T16:24:15.121-0500][gc,init] Pre-touch: Disabled
[2021-12-21T16:24:15.121-0500][gc,init] Parallel Workers: 8
[2021-12-21T16:24:15.121-0500][gc,init] Concurrent Workers: 2
[2021-12-21T16:24:15.121-0500][gc,init] Concurrent Refinement Workers: 8
[2021-12-21T16:24:15.121-0500][gc,init] Periodic GC: Disabled
[2021-12-21T16:24:15.121-0500][gc,metaspace] CDS archive(s) not mapped
[2021-12-21T16:24:15.121-0500][gc,metaspace] Compressed class space mapped at: 0x0000000800000000-0x0000000840000000, reserved size: 1073741824
[2021-12-21T16:24:15.121-0500][gc,metaspace] Narrow klass base: 0x0000000800000000, Narrow klass shift: 0, Narrow klass range: 0x40000000
[2021-12-21T16:24:45.255-0500][gc,start    ] GC(0) Pause Young (Normal) (G1 Evacuation Pause)
[2021-12-21T16:24:45.255-0500][gc,task     ] GC(0) Using 8 workers of 8 for evacuation
[2021-12-21T16:24:45.258-0500][gc,phases   ] GC(0)   Pre Evacuate Collection Set: 0.1ms
[2021-12-21T16:24:45.258-0500][gc,phases   ] GC(0)   Merge Heap Roots: 0.0ms
[2021-12-21T16:24:45.258-0500][gc,phases   ] GC(0)   Evacuate Collection Set: 2.7ms
[2021-12-21T16:24:45.258-0500][gc,phases   ] GC(0)   Post Evacuate Collection Set: 0.2ms
[2021-12-21T16:24:45.258-0500][gc,phases   ] GC(0)   Other: 0.4ms
[2021-12-21T16:24:45.258-0500][gc,heap     ] GC(0) Eden regions: 25->0(21)
[2021-12-21T16:24:45.258-0500][gc,heap     ] GC(0) Survivor regions: 0->4(4)
[2021-12-21T16:24:45.258-0500][gc,heap     ] GC(0) Old regions: 0->4
[2021-12-21T16:24:45.258-0500][gc,heap     ] GC(0) Archive regions: 0->0
[2021-12-21T16:24:45.258-0500][gc,heap     ] GC(0) Humongous regions: 0->0
[2021-12-21T16:24:45.258-0500][gc,metaspace] GC(0) Metaspace: 16290K(16512K)->16290K(16512K) NonClass: 14648K(14784K)->14648K(14784K) Class: 1642K(1728K)->1642K(1728K)
[2021-12-21T16:24:45.258-0500][gc          ] GC(0) Pause Young (Normal) (G1 Evacuation Pause) 25M->7M(512M) 3.462ms
[2021-12-21T16:24:45.258-0500][gc,cpu      ] GC(0) User=0.01s Sys=0.01s Real=0.00s
[2021-12-22T00:02:47.269-0500][gc,heap,exit] Heap
[2021-12-22T00:02:47.270-0500][gc,heap,exit]  garbage-first heap   total 524288K, used 24171K [0x00000007e0000000, 0x0000000800000000)
[2021-12-22T00:02:47.270-0500][gc,heap,exit]   region size 1024K, 21 young (21504K), 4 survivors (4096K)
[2021-12-22T00:02:47.270-0500][gc,heap,exit]  Metaspace       used 17125K, committed 17344K, reserved 1064960K
[2021-12-22T00:02:47.270-0500][gc,heap,exit]   class space    used 1673K, committed 1792K, reserved 1048576K
